Newtonsoft.Json.JsonSerializationException: A member with the name 'usercode' already exists on 'LIMS_Backend.Model.user_master'. Use the JsonPropertyAttribute to specify another name.
   at Newtonsoft.Json.Serialization.JsonPropertyCollection.AddProperty(JsonProperty property)
   at Newtonsoft.Json.Serialization.DefaultContractResolver.CreateProperties(Type type, MemberSerialization memberSerialization)
   at Newtonsoft.Json.Serialization.DefaultContractResolver.CreateObjectContract(Type objectType)
   at Newtonsoft.Json.Serialization.DefaultContractResolver.CreateContract(Type objectType)
   at System.Collections.Concurrent.ConcurrentDictionary`2.GetOrAdd(TKey key, Func`2 valueFactory)
   at Newtonsoft.Json.Utilities.ThreadSafeStore`2.Get(TKey key)
   at Newtonsoft.Json.Serialization.DefaultContractResolver.ResolveContract(Type type)
   at Newtonsoft.Json.Serialization.JsonSerializerInternalReader.GetContract(Type type)
   at Newtonsoft.Json.Serialization.JsonSerializerInternalReader.GetContractSafe(Type type)
   at Newtonsoft.Json.Serialization.JsonSerializerInternalReader.PopulateObject(Object newObject, JsonReader reader, JsonObjectContract contract, JsonProperty member, String id)
   at Newtonsoft.Json.Serialization.JsonSerializerInternalReader.CreateObject(JsonReader reader, Type objectType, JsonContract contract, JsonProperty member, JsonContainerContract containerContract, JsonProperty containerMember, Object existingValue)
   at Newtonsoft.Json.Serialization.JsonSerializerInternalReader.CreateValueInternal(JsonReader reader, Type objectType, JsonContract contract, JsonProperty member, JsonContainerContract containerContract, JsonProperty containerMember, Object existingValue)
   at Newtonsoft.Json.Serialization.JsonSerializerInternalReader.PopulateList(IList list, JsonReader reader, JsonArrayContract contract, JsonProperty containerProperty, String id)
   at Newtonsoft.Json.Serialization.JsonSerializerInternalReader.CreateList(JsonReader reader, Type objectType, JsonContract contract, JsonProperty member, Object existingValue, String id)
   at Newtonsoft.Json.Serialization.JsonSerializerInternalReader.CreateValueInternal(JsonReader reader, Type objectType, JsonContract contract, JsonProperty member, JsonContainerContract containerContract, JsonProperty containerMember, Object existingValue)
   at Newtonsoft.Json.Serialization.JsonSerializerInternalReader.Deserialize(JsonReader reader, Type objectType, Boolean checkAdditionalContent)
   at Newtonsoft.Json.JsonSerializer.DeserializeInternal(JsonReader reader, Type objectType)
   at Newtonsoft.Json.JsonSerializer.Deserialize(JsonReader reader, Type objectType)
   at Newtonsoft.Json.JsonConvert.DeserializeObject(String value, Type type, JsonSerializerSettings settings)
   at Newtonsoft.Json.JsonConvert.DeserializeObject[T](String value, JsonSerializerSettings settings)
   at LabCare.Services.UserService.GetAllAsync() in D:\Iscan\Medico\Services\UserService.cs:line 92